ÿþ    D e t e r m i n i n g   p r o j e c t s   t o   r e s t o r e . . . 
 
     A l l   p r o j e c t s   a r e   u p - t o - d a t e   f o r   r e s t o r e . 
 
     S V 2 2 T 1 0 2 0 1 9 3 . M o d e l s   - >   C : \ U s e r s \ A S U S \ D o c u m e n t s \ S t u d y \ L T   W E B \ S V 2 2 T 1 0 2 0 1 9 3 \ S V 2 2 T 1 0 2 0 1 9 3 . M o d e l s \ b i n \ D e b u g \ n e t 8 . 0 \ S V 2 2 T 1 0 2 0 1 9 3 . M o d e l s . d l l 
 
     S V 2 2 T 1 0 2 0 1 9 3 . D a t a L a y e r s   - >   C : \ U s e r s \ A S U S \ D o c u m e n t s \ S t u d y \ L T   W E B \ S V 2 2 T 1 0 2 0 1 9 3 \ S V 2 2 T 1 0 2 0 1 9 3 . D a t a L a y e r s \ b i n \ D e b u g \ n e t 8 . 0 \ S V 2 2 T 1 0 2 0 1 9 3 . D a t a L a y e r s . d l l 
 
 C : \ U s e r s \ A S U S \ D o c u m e n t s \ S t u d y \ L T   W E B \ S V 2 2 T 1 0 2 0 1 9 3 \ S V 2 2 T 1 0 2 0 1 9 3 . B u s i n e s s L a y e r s \ D i c t i o n a r y D a t a S e r v i c e . c s ( 2 3 , 3 0 ) :   e r r o r   C S 0 2 4 6 :   T h e   t y p e   o r   n a m e s p a c e   n a m e   ' C a t e g o r y R e p o s i t o r y '   c o u l d   n o t   b e   f o u n d   ( a r e   y o u   m i s s i n g   a   u s i n g   d i r e c t i v e   o r   a n   a s s e m b l y   r e f e r e n c e ? )   [ C : \ U s e r s \ A S U S \ D o c u m e n t s \ S t u d y \ L T   W E B \ S V 2 2 T 1 0 2 0 1 9 3 \ S V 2 2 T 1 0 2 0 1 9 3 . B u s i n e s s L a y e r s \ S V 2 2 T 1 0 2 0 1 9 3 . B u s i n e s s L a y e r s . c s p r o j ] 
 
 C : \ U s e r s \ A S U S \ D o c u m e n t s \ S t u d y \ L T   W E B \ S V 2 2 T 1 0 2 0 1 9 3 \ S V 2 2 T 1 0 2 0 1 9 3 . B u s i n e s s L a y e r s \ C a t a l o g D a t a S e r v i c e . c s ( 2 2 , 3 0 ) :   e r r o r   C S 0 2 4 6 :   T h e   t y p e   o r   n a m e s p a c e   n a m e   ' C a t e g o r y R e p o s i t o r y '   c o u l d   n o t   b e   f o u n d   ( a r e   y o u   m i s s i n g   a   u s i n g   d i r e c t i v e   o r   a n   a s s e m b l y   r e f e r e n c e ? )   [ C : \ U s e r s \ A S U S \ D o c u m e n t s \ S t u d y \ L T   W E B \ S V 2 2 T 1 0 2 0 1 9 3 \ S V 2 2 T 1 0 2 0 1 9 3 . B u s i n e s s L a y e r s \ S V 2 2 T 1 0 2 0 1 9 3 . B u s i n e s s L a y e r s . c s p r o j ] 
 
 
 
 B u i l d   F A I L E D . 
 
 
 
 C : \ U s e r s \ A S U S \ D o c u m e n t s \ S t u d y \ L T   W E B \ S V 2 2 T 1 0 2 0 1 9 3 \ S V 2 2 T 1 0 2 0 1 9 3 . B u s i n e s s L a y e r s \ D i c t i o n a r y D a t a S e r v i c e . c s ( 2 3 , 3 0 ) :   e r r o r   C S 0 2 4 6 :   T h e   t y p e   o r   n a m e s p a c e   n a m e   ' C a t e g o r y R e p o s i t o r y '   c o u l d   n o t   b e   f o u n d   ( a r e   y o u   m i s s i n g   a   u s i n g   d i r e c t i v e   o r   a n   a s s e m b l y   r e f e r e n c e ? )   [ C : \ U s e r s \ A S U S \ D o c u m e n t s \ S t u d y \ L T   W E B \ S V 2 2 T 1 0 2 0 1 9 3 \ S V 2 2 T 1 0 2 0 1 9 3 . B u s i n e s s L a y e r s \ S V 2 2 T 1 0 2 0 1 9 3 . B u s i n e s s L a y e r s . c s p r o j ] 
 
 C : \ U s e r s \ A S U S \ D o c u m e n t s \ S t u d y \ L T   W E B \ S V 2 2 T 1 0 2 0 1 9 3 \ S V 2 2 T 1 0 2 0 1 9 3 . B u s i n e s s L a y e r s \ C a t a l o g D a t a S e r v i c e . c s ( 2 2 , 3 0 ) :   e r r o r   C S 0 2 4 6 :   T h e   t y p e   o r   n a m e s p a c e   n a m e   ' C a t e g o r y R e p o s i t o r y '   c o u l d   n o t   b e   f o u n d   ( a r e   y o u   m i s s i n g   a   u s i n g   d i r e c t i v e   o r   a n   a s s e m b l y   r e f e r e n c e ? )   [ C : \ U s e r s \ A S U S \ D o c u m e n t s \ S t u d y \ L T   W E B \ S V 2 2 T 1 0 2 0 1 9 3 \ S V 2 2 T 1 0 2 0 1 9 3 . B u s i n e s s L a y e r s \ S V 2 2 T 1 0 2 0 1 9 3 . B u s i n e s s L a y e r s . c s p r o j ] 
 
         0   W a r n i n g ( s ) 
 
         2   E r r o r ( s ) 
 
 
 
 T i m e   E l a p s e d   0 0 : 0 0 : 0 3 . 4 4 
 
 